// Jest Snapshot v1, https://goo.gl/fbAQLP

exports[`P should match snapshot with no data 1`] = `
<p
  className="sc-bdVaJa bDWFJH"
/>
`;
