// Jest Snapshot v1, https://goo.gl/fbAQLP

exports[`H3 should match snapshot with no data 1`] = `
<h3
  className="sc-bdVaJa bDWFJH"
/>
`;
