// Jest Snapshot v1, https://goo.gl/fbAQLP

exports[`H1 should match snapshot with no data 1`] = `
<h1
  className="sc-bdVaJa bDWFJH"
/>
`;
