// Jest Snapshot v1, https://goo.gl/fbAQLP

exports[`Footer should match snapshot with no data 1`] = `
<footer
  className="sc-bdVaJa bDWFJH"
/>
`;
