// Jest Snapshot v1, https://goo.gl/fbAQLP

exports[`H2 should match snapshot with no data 1`] = `
<h2
  className="sc-bdVaJa bDWFJH"
/>
`;
