// Jest Snapshot v1, https://goo.gl/fbAQLP

exports[`HeaderContainer should match snapshot 1`] = `
<styled.header>
  <styled.h1 />
  <img
    alt=""
  />
</styled.header>
`;
